// Jest Snapshot v1, https://goo.gl/fbAQLP

exports[`<AppRoot> Template should render as expected 1`] = `
<styled.div>
  <Styled(Component) />
</styled.div>
`;
